=== Intent Drift Test Suite ===
Analyzer: http://localhost:8002

